// Jest Snapshot v1, https://goo.gl/fbAQLP

exports[`Volume.vue renders correctly 1`] = `
<div
  class="volume"
>
  <div
    class="volume__stade"
  >
    <div
      aria-label="Mute"
      role="button"
      tabindex="0"
    >
      <svg
        aria-hidden="true"
        viewBox="0 0 32 32"
        xmlns="http://www.w3.org/2000/svg"
      >
        <path
          d="M17.157 23.157a1.5 1.5 0 0 1-1.061-2.56 6.508 6.508 0 0 0 0-9.192 1.5 1.5 0 1 1 2.121-2.121c3.704 3.704 3.704 9.731 0 13.435a1.495 1.495 0 0 1-1.061.439zM13 30a1 1 0 0 1-.707-.293L4.586 22H1a1 1 0 0 1-1-1V11a1 1 0 0 1 1-1h3.586l7.707-7.707A1 1 0 0 1 14 3v26a1.002 1.002 0 0 1-1 1z"
        />
      </svg>
    </div>
  </div>
  <div
    class="volume__control"
  >
    <input
      class="volume__range"
      id="volume"
      max="1.0"
      min="0.0"
      step="0.1"
      type="range"
    />
    <label
      class="volume__label"
      for="volume"
    >
      Volume
    </label>
  </div>
  <div
    class="volume__pourcent"
  >
    10%
  </div>
</div>
`;
